// Jest Snapshot v1, https://goo.gl/fbAQLP

exports[`Form should render with custom button text 1`] = `ReactWrapper {}`;
